\unset ECHO
1|content json|b
2|content json|<ul><li>Yehuda Katz</li><li>Carl Lerche</li><li>Alan Johnson</li></ul>
